// Jest Snapshot v1, https://goo.gl/fbAQLP

exports[`<GridTwoColumn /> should render 1`] = `
.c5 {
  color: #0A1128;
  font-size: 6.4rem;
  text-transform: uppercase;
}

.c2 {
  display: grid;
  grid-template-columns: 1fr 2fr;
  align-items: center;
  gap: 3.2rem;
}

.c2 .c4 {
  margin-bottom: 3.2rem;
}

.c7 {
  width: 100%;
}

.c0 {
  background: #ffffff;
  color: #0A1128;
  min-height: 100vh;
}

.c1 {
  max-width: 120rem;
  margin: 0 auto;
  padding: 3.2rem;
  width: 100%;
}

.c6 {
  font-size: 2.4rem;
}

@media (max-width: 768px) {
  .c5 {
    font-size: 4.2rem;
  }
}

@media (max-width: 768px) {
  .c2 {
    grid-template-columns: 1fr;
    text-align: center;
  }
}

@media (max-width: 768px) {
  .c3 {
    margin-bottom: 3.2rem;
  }
}

<div>
  <div
    class="c0"
    id=""
  >
    <div
      class="c1"
    >
       
      <div
        class="c2"
      >
        <div
          class="c3"
        >
          <h2
            class="c4 c5"
          >
            Grid two column
          </h2>
          <div
            class="c6"
          >
            Lorem ipsum dolor sit, amet consectetur adipisicing elit. Quis atque omnis optio laudantium odio consequatur quaerat quibusdam sequi dolores accusamus! Officia sit placeat unde ut magni laborum, assumenda non autem?
          </div>
        </div>
        <div
          class=""
        >
          <img
            alt="Grid two column"
            class="c7"
            src="assets/images/javascript.svg"
          />
        </div>
      </div>
       
    </div>
  </div>
</div>
`;
